control.c:39:6:fsm_game	24	static
control.c:78:6:bt_start	24	static
control.c:84:9:is_bt_start_pressed	8	static
control.c:91:6:bt_retry	24	static
control.c:97:9:is_bt_retry_pressed	8	static
control.c:104:6:trasition_to_game	8	static
control.c:110:6:init_control_button	24	static
control.c:159:6:button_lcd_init	24	static
control.c:164:6:snake_direct	8	static
control.c:172:9:isButtonUp	24	static
control.c:183:9:isButtonDown	24	static
control.c:196:9:isButtonLeft	24	static
control.c:209:9:isButtonRight	24	static
